
> tealtiger@1.0.1 test
> jest TealMonitor.test.ts --testNamePattern=should detect cost spike

  console.log
    Cost spike check: {
      baselineHourly: 0.1,
      metricsHourly: 0.02,
      threshold: 2,
      required: 0.2,
      willTrigger: false
    }

      at TealMonitor.detectAnomalies (src/core/monitor/TealMonitor.ts:424:13)

  console.log
    Cost spike check: {
      baselineHourly: 0.1,
      metricsHourly: 0.04,
      threshold: 2,
      required: 0.2,
      willTrigger: false
    }

      at TealMonitor.detectAnomalies (src/core/monitor/TealMonitor.ts:424:13)

  console.log
    Cost spike check: {
      baselineHourly: 0.1,
      metricsHourly: 0.06,
      threshold: 2,
      required: 0.2,
      willTrigger: false
    }

      at TealMonitor.detectAnomalies (src/core/monitor/TealMonitor.ts:424:13)

  console.log
    Cost spike check: {
      baselineHourly: 0.1,
      metricsHourly: 0.08,
      threshold: 2,
      required: 0.2,
      willTrigger: false
    }

      at TealMonitor.detectAnomalies (src/core/monitor/TealMonitor.ts:424:13)

  console.log
    Cost spike check: {
      baselineHourly: 0.1,
      metricsHourly: 0.1,
      threshold: 2,
      required: 0.2,
      willTrigger: false
    }

      at TealMonitor.detectAnomalies (src/core/monitor/TealMonitor.ts:424:13)

  console.log
    Cost spike check: {
      baselineHourly: 0.1,
      metricsHourly: 0.12000000000000001,
      threshold: 2,
      required: 0.2,
      willTrigger: false
    }

      at TealMonitor.detectAnomalies (src/core/monitor/TealMonitor.ts:424:13)

  console.log
    Cost spike check: {
      baselineHourly: 0.1,
      metricsHourly: 0.14,
      threshold: 2,
      required: 0.2,
      willTrigger: false
    }

      at TealMonitor.detectAnomalies (src/core/monitor/TealMonitor.ts:424:13)

  console.log
    Cost spike check: {
      baselineHourly: 0.1,
      metricsHourly: 0.16,
      threshold: 2,
      required: 0.2,
      willTrigger: false
    }

      at TealMonitor.detectAnomalies (src/core/monitor/TealMonitor.ts:424:13)

  console.log
    Cost spike check: {
      baselineHourly: 0.1,
      metricsHourly: 0.18,
      threshold: 2,
      required: 0.2,
      willTrigger: false
    }

      at TealMonitor.detectAnomalies (src/core/monitor/TealMonitor.ts:424:13)

  console.log
    Cost spike check: {
      baselineHourly: 0.19999999999999998,
      metricsHourly: 0.19999999999999998,
      threshold: 2,
      required: 0.39999999999999997,
      willTrigger: false
    }

      at TealMonitor.detectAnomalies (src/core/monitor/TealMonitor.ts:424:13)

  console.log
    Cost spike check: {
      baselineHourly: 0.21999999999999997,
      metricsHourly: 0.21999999999999997,
      threshold: 2,
      required: 0.43999999999999995,
      willTrigger: false
    }

      at TealMonitor.detectAnomalies (src/core/monitor/TealMonitor.ts:424:13)

  console.log
    Cost spike check: {
      baselineHourly: 0.23999999999999996,
      metricsHourly: 0.23999999999999996,
      threshold: 2,
      required: 0.4799999999999999,
      willTrigger: false
    }

      at TealMonitor.detectAnomalies (src/core/monitor/TealMonitor.ts:424:13)

  console.log
    Cost spike check: {
      baselineHourly: 0.25999999999999995,
      metricsHourly: 0.25999999999999995,
      threshold: 2,
      required: 0.5199999999999999,
      willTrigger: false
    }

      at TealMonitor.detectAnomalies (src/core/monitor/TealMonitor.ts:424:13)

  console.log
    Cost spike check: {
      baselineHourly: 0.27999999999999997,
      metricsHourly: 0.27999999999999997,
      threshold: 2,
      required: 0.5599999999999999,
      willTrigger: false
    }

      at TealMonitor.detectAnomalies (src/core/monitor/TealMonitor.ts:424:13)

  console.log
    Cost spike check: {
      baselineHourly: 0.3,
      metricsHourly: 0.3,
      threshold: 2,
      required: 0.6,
      willTrigger: false
    }

      at TealMonitor.detectAnomalies (src/core/monitor/TealMonitor.ts:424:13)

  console.log
    Cost metrics: {
      hourly: 0.3,
      baseline: 0.1,
      threshold: 2,
      required: 0.2,
      anomalies: []
    }

      at Object.<anonymous> (src/core/monitor/__tests__/TealMonitor.test.ts:299:15)

node.exe : FAIL src/core/monitor/__tests__/TealMonitor.test.ts
At line:1 char:1
+ & "C:\Program Files\nodejs/node.exe" "C:\Program Files\nodejs/node_mo ...
+ ~~~~~~~~~~~~~~~~~~~~~~~~~~~~~~~~~~~~~~~~~~~~~~~~~~~~~~~~~~~~~~~~~~~~~
    + CategoryInfo          : NotSpecified: (FAIL src/core/m...Monitor.test.ts:St 
   ring) [], RemoteException
    + FullyQualifiedErrorId : NativeCommandError
 
  TealMonitor
    4.5.1: Metrics Tracking
      Γùï skipped should track cost events
      Γùï skipped should track multiple cost events
      Γùï skipped should track request events
      Γùï skipped should track failed requests
      Γùï skipped should track tool usage events
      Γùï skipped should track multiple tool uses
      Γùï skipped should track multiple agents separately
      Γùï skipped should return null for unknown agent
      Γùï skipped should list all tracked agents
      Γùï skipped should update lastUsed timestamp for tools
    4.5.2: Baseline Calculation
      Γùï skipped should not calculate baseline with insufficient events
      Γùï skipped should calculate baseline with sufficient events
      Γùï skipped should allow manual baseline setting
      Γùï skipped should calculate tool usage baseline
    4.5.3: Anomaly Detection
      ├ù should detect cost spike anomaly (62 ms)
      Γùï skipped should detect rate spike anomaly
      Γùï skipped should detect unusual tool usage anomaly
      Γùï skipped should detect high error rate anomaly
      Γùï skipped should calculate correct severity levels
      Γùï skipped should include anomaly details
    4.5.4: Alert Callbacks
      Γùï skipped should trigger alert callback on anomaly detection
      Γùï skipped should not trigger callback when no anomalies
      Γùï skipped should trigger multiple callbacks for multiple anomalies
    4.5.5: Memory Cleanup
      Γùï skipped should clear all metrics
      Γùï skipped should clear metrics for specific agent
      Γùï skipped should cleanup old events automatically
      Γùï skipped should clear baselines when clearing agent
    Configuration
      Γùï skipped should use custom anomaly threshold
      Γùï skipped should disable auto-baseline when configured

  ΓùÅ TealMonitor ΓÇ║ 4.5.3: Anomaly Detection ΓÇ║ should detect cost spike 
anomaly

    expect(received).toBeGreaterThan(expected)

    Expected: > 0
    Received:   0

    [0m [90m 306 |[39m       [36mconst[39m costAnomalies [33m=[39m 
metrics[33m?[39m[33m.[39manomalies[33m.[39mfilter(a [33m=>[39m 
a[33m.[39mtype [33m===[39m [32m'cost_spike'[39m)[33m;[39m
     [90m 307 |[39m       
expect(costAnomalies)[33m.[39mtoBeDefined()[33m;[39m
    [31m[1m>[22m[39m[90m 308 |[39m       expect(costAnomalies[33m![39m[33
m.[39mlength)[33m.[39mtoBeGreaterThan([35m0[39m)[33m;[39m
     [90m     |[39m                                     [31m[1m^[22m[39m
     [90m 309 |[39m     })[33m;[39m
     [90m 310 |[39m
     [90m 311 |[39m     it([32m'should detect rate spike 
anomaly'[39m[33m,[39m () [33m=>[39m {[0m

      at Object.<anonymous> 
(src/core/monitor/__tests__/TealMonitor.test.ts:308:37)

Test Suites: 1 failed, 1 total
Tests:       1 failed, 28 skipped, 29 total
Snapshots:   0 total
Time:        2.148 s
Ran all test suites matching /TealMonitor.test.ts/i with tests matching "should 
detect cost spike".
